---
http_interactions:
- request:
    method: post
    uri: https://<USERNAME>:<TOKEN>@test.api.promisepay.com/users
    body:
      encoding: UTF-8
      string: '{"id":"08077c09-08e0-4744-b0cf-1029cc059d19","first_name":"myFirstName","email":"08077c09-08e0-4744-b0cf-1029cc059d19@mail.com","country":"AUS"}'
    headers:
      User-Agent:
      - Faraday v0.9.2
      Content-Type:
      - application/json
      Accept-Encoding:
      - gzip;q=1.0,deflate;q=0.6,identity;q=0.3
      Accept:
      - "*/*"
  response:
    status:
      code: 201
      message: Created
    headers:
      Access-Control-Allow-Headers:
      - Origin, Content-Type, Accept, Authorization, Token
      Access-Control-Allow-Methods:
      - POST, GET, PUT, DELETE, OPTIONS
      Access-Control-Allow-Origin:
      - "*"
      Access-Control-Max-Age:
      - '1728000'
      Access-Control-Request-Method:
      - "*"
      Cache-Control:
      - max-age=0, private, must-revalidate
      Content-Type:
      - application/json; charset=utf-8
      Date:
      - Tue, 02 Aug 2016 12:53:48 GMT
      Etag:
      - W/"19b684281de475b96fa550d594245721"
      Location:
      - "/users/08077c09-08e0-4744-b0cf-1029cc059d19"
      Server:
      - nginx/1.8.0 + Phusion Passenger 4.0.59
      Set-Cookie:
      - request_method=POST; path=/
      Status:
      - 201 Created
      X-Content-Type-Options:
      - nosniff
      X-Frame-Options:
      - SAMEORIGIN
      X-Powered-By:
      - Phusion Passenger 4.0.59
      X-Request-Id:
      - 7c314b2d-62d6-4247-a89c-25fdef879179
      X-Runtime:
      - '1.407015'
      X-Xss-Protection:
      - 1; mode=block
      Transfer-Encoding:
      - chunked
      Connection:
      - keep-alive
    body:
      encoding: UTF-8
      string: '{"users":{"created_at":"2016-08-02T12:53:47.669Z","updated_at":"2016-08-02T12:53:47.669Z","full_name":"myFirstName","email":"08077c09-08e0-4744-b0cf-1029cc059d19@mail.com","mobile":null,"phone":null,"logo_url":null,"color_1":null,"color_2":null,"first_name":"myFirstName","last_name":null,"id":"08077c09-08e0-4744-b0cf-1029cc059d19","location":"AUS","verification_state":"pending","held_state":false,"dob":null,"government_number":null,"drivers_license":null,"flags":{},"related":{"addresses":"9a04d5d1-6e26-4634-8141-069b217a6e6d"},"links":{"self":"/users","items":"/users/08077c09-08e0-4744-b0cf-1029cc059d19/items","card_accounts":"/users/08077c09-08e0-4744-b0cf-1029cc059d19/card_accounts","paypal_accounts":"/users/08077c09-08e0-4744-b0cf-1029cc059d19/paypal_accounts","bank_accounts":"/users/08077c09-08e0-4744-b0cf-1029cc059d19/bank_accounts","wallet_accounts":"/users/08077c09-08e0-4744-b0cf-1029cc059d19/wallet_accounts"}}}'
    http_version: 
  recorded_at: Tue, 02 Aug 2016 12:53:48 GMT
- request:
    method: post
    uri: https://<USERNAME>:<TOKEN>@test.api.promisepay.com/bank_accounts
    body:
      encoding: UTF-8
      string: '{"user_id":"08077c09-08e0-4744-b0cf-1029cc059d19","bank_name":"myBank","account_name":"myAccount","routing_number":"123123","account_number":"12341234","account_type":"savings","holder_type":"personal","country":"AUS","mobile_pin":"123456"}'
    headers:
      User-Agent:
      - Faraday v0.9.2
      Content-Type:
      - application/json
      Accept-Encoding:
      - gzip;q=1.0,deflate;q=0.6,identity;q=0.3
      Accept:
      - "*/*"
  response:
    status:
      code: 201
      message: Created
    headers:
      Access-Control-Allow-Headers:
      - Origin, Content-Type, Accept, Authorization, Token
      Access-Control-Allow-Methods:
      - POST, GET, PUT, DELETE, OPTIONS
      Access-Control-Allow-Origin:
      - "*"
      Access-Control-Max-Age:
      - '1728000'
      Access-Control-Request-Method:
      - "*"
      Cache-Control:
      - max-age=0, private, must-revalidate
      Content-Type:
      - application/json; charset=utf-8
      Date:
      - Tue, 02 Aug 2016 12:53:50 GMT
      Etag:
      - W/"5697c0117b41249e6e07799ff9971e7c"
      Location:
      - "/bank_accounts/a8aae6e9-1ee4-47e1-9acd-91fd8fe0a9d9"
      Server:
      - nginx/1.8.0 + Phusion Passenger 4.0.59
      Set-Cookie:
      - request_method=POST; path=/
      Status:
      - 201 Created
      X-Content-Type-Options:
      - nosniff
      X-Frame-Options:
      - SAMEORIGIN
      X-Powered-By:
      - Phusion Passenger 4.0.59
      X-Request-Id:
      - f45570d9-8293-4960-a886-3765adf410ff
      X-Runtime:
      - '0.526931'
      X-Xss-Protection:
      - 1; mode=block
      Content-Length:
      - '488'
      Connection:
      - keep-alive
    body:
      encoding: UTF-8
      string: '{"bank_accounts":{"active":true,"created_at":"2016-08-02T12:53:50.740Z","updated_at":"2016-08-02T12:53:50.740Z","id":"a8aae6e9-1ee4-47e1-9acd-91fd8fe0a9d9","currency":"AUD","bank":{"bank_name":"myBank","country":"AUS","account_name":"myAccount","routing_number":"XXXXX3","account_number":"XXX234","holder_type":"personal","account_type":"savings"},"links":{"self":"/bank_accounts/a8aae6e9-1ee4-47e1-9acd-91fd8fe0a9d9","users":"/bank_accounts/a8aae6e9-1ee4-47e1-9acd-91fd8fe0a9d9/users"}}}'
    http_version: 
  recorded_at: Tue, 02 Aug 2016 12:53:50 GMT
- request:
    method: get
    uri: https://<USERNAME>:<TOKEN>@test.api.promisepay.com/direct_debit_authorities?account_id=a8aae6e9-1ee4-47e1-9acd-91fd8fe0a9d9
    body:
      encoding: US-ASCII
      string: ''
    headers:
      User-Agent:
      - Faraday v0.9.2
      Accept-Encoding:
      - gzip;q=1.0,deflate;q=0.6,identity;q=0.3
      Accept:
      - "*/*"
  response:
    status:
      code: 200
      message: OK
    headers:
      Access-Control-Allow-Headers:
      - Origin, Content-Type, Accept, Authorization, Token
      Access-Control-Allow-Methods:
      - POST, GET, PUT, DELETE, OPTIONS
      Access-Control-Allow-Origin:
      - "*"
      Access-Control-Max-Age:
      - '1728000'
      Access-Control-Request-Method:
      - "*"
      Cache-Control:
      - max-age=0, private, must-revalidate
      Content-Type:
      - application/json; charset=utf-8
      Date:
      - Tue, 02 Aug 2016 12:53:55 GMT
      Etag:
      - W/"242a476f68c089934ade43e408c514db"
      Server:
      - nginx/1.8.0 + Phusion Passenger 4.0.59
      Status:
      - 200 OK
      X-Content-Type-Options:
      - nosniff
      X-Frame-Options:
      - SAMEORIGIN
      X-Powered-By:
      - Phusion Passenger 4.0.59
      X-Request-Id:
      - 65f4ff38-abd2-42d0-926b-48f3b767f818
      X-Runtime:
      - '0.390767'
      X-Xss-Protection:
      - 1; mode=block
      Transfer-Encoding:
      - chunked
      Connection:
      - keep-alive
    body:
      encoding: ASCII-8BIT
      string: '{"meta":{"limit":10,"offset":0,"total":0},"links":{"self":"/direct_debit_authorities?account_id=a8aae6e9-1ee4-47e1-9acd-91fd8fe0a9d9"}}'
    http_version: 
  recorded_at: Tue, 02 Aug 2016 12:53:55 GMT
recorded_with: VCR 3.0.3
